[apronline.gov.ar/index.html]
[backblue.gif]
[fade.gif]
[index.html]
[apronline.gov.ar/img/favicon.ico]
[apronline.gov.ar/lib/bootstrap/css/bootstrap.min.css]
[use.fontawesome.com/releases/v5.2.0/css/all.css]
[apronline.gov.ar/css/style.css]
[apronline.gov.ar/css/calendar.css]
[cdn.jsdelivr.net/npm/animate.css@3.5.2/animate.min.css]
[www.google.com/recaptcha/api85f1.js]
[apronline.gov.ar/index-2.html]
[apronline.gov.ar/img/apr.png]
[apronline.gov.ar/index4b04.html]
[apronline.gov.ar/index610d.html]
[apronline.gov.ar/index945b.html]
[apronline.gov.ar/index6ac1.html]
[apronline.gov.ar/index4721.html]
[apronline.gov.ar/indexb8e4.html]
[apronline.gov.ar/indexbb67.html]
[apronline.gov.ar/indexd386.html]
[apronline.gov.ar/archivos/Publicidadenviapublica.jpg]
[apronline.gov.ar/index8106.html]
[apronline.gov.ar/index79ac.html]
[apronline.gov.ar/index24fb.html]
[apronline.gov.ar/img/pagos_01.png]
[apronline.gov.ar/indexbfe6.html]
[apronline.gov.ar/img/pagos_02.png]
[apronline.gov.ar/assets/img/logo1-default.png]
[apronline.gov.ar/index50dd.html]
[apronline.gov.ar/index199a.html]
[apronline.gov.ar/index6670.html]
[apronline.gov.ar/index9aab.html]
[apronline.gov.ar/assets/img/line.jpg]
[apronline.gov.ar/autogestion.apronline.gov.19.delayed]
[apronline.gov.ar/index6c80.html]
[apronline.gov.ar/index6ed7.html]
[apronline.gov.ar/index1dfe.html]
[apronline.gov.ar/lib/jquery/jquery-migrate.min.js]
[apronline.gov.ar/lib/jquery/jquery.min.js]
[apronline.gov.ar/index6c46.html]
[apronline.gov.ar/lib/superfish/hoverIntent.js]
[apronline.gov.ar/index53b9.html]
[apronline.gov.ar/index7cf9.html]
[apronline.gov.ar/indexf951.html]
[apronline.gov.ar/index916f.html]
[apronline.gov.ar/lib/superfish/superfish.min.js]
[apronline.gov.ar/indexef0a.html]
[apronline.gov.ar/lib/tether/js/tether.min.js]
[apronline.gov.ar/lib/stellar/stellar.min.js]
[apronline.gov.ar/lib/counterup/counterup.min.js]
[apronline.gov.ar/lib/bootstrap/js/bootstrap.bundle.min.js]
[apronline.gov.ar/lib/waypoints/waypoints.min.js]
[apronline.gov.ar/lib/easing/easing.js]
[apronline.gov.ar/lib/stickyjs/sticky.js]
[apronline.gov.ar/lib/parallax/parallax.js]
[apronline.gov.ar/lib/lockfixed/lockfixed.min.js]
[apronline.gov.ar/js/custom.js]
[apronline.gov.ar/js/calendar.js]
[apronline.gov.ar/js/index.js]
[cdnjs.cloudflare.com/ajax/libs/jquery.mask/1.14.10/jquery.mask.js]
[apronline.gov.ar/js/download.js]
[apronline.gov.ar/contactform/contactform.js]
[apronline.gov.ar/index.html]
[www.smartsuppchat.com/loaderd41d.js]
[fonts.googleapis.com/cssc457.css]
[fonts.googleapis.com/css7b4f.css]
[apronline.gov.ar/index4b04-2.html]
[apronline.gov.ar/index6ac1-2.html]
[apronline.gov.ar/index610d-2.html]
[apronline.gov.ar/index945b-2.html]
[apronline.gov.ar/index4721-2.html]
[apronline.gov.ar/indexb8e4-2.html]
[apronline.gov.ar/indexbb67-2.html]
[apronline.gov.ar/indexd386-2.html]
[apronline.gov.ar/index8106-2.html]
[apronline.gov.ar/index79ac-2.html]
[apronline.gov.ar/index24fb-2.html]
[apronline.gov.ar/indexbfe6-2.html]
[apronline.gov.ar/index199a-2.html]
[apronline.gov.ar/index50dd-2.html]
[apronline.gov.ar/index6670-2.html]
[apronline.gov.ar/index9aab-2.html]
[apronline.gov.ar/index6c80-2.html]
[apronline.gov.ar/index6ed7-2.html]
[apronline.gov.ar/index1dfe-2.html]
[apronline.gov.ar/index6c46-2.html]
[apronline.gov.ar/index53b9-2.html]
[apronline.gov.ar/index7cf9-2.html]
[apronline.gov.ar/indexf951-2.html]
[apronline.gov.ar/index916f-2.html]
[apronline.gov.ar/indexef0a-2.html]
[apronline.gov.ar/index-2.html]
[www.google.com/recaptcha/api.js]
[apronline.gov.ar/indexcade.html]
[apronline.gov.ar/index3880.html]
[apronline.gov.ar/index2853.html]
[apronline.gov.ar/index2ecd.html]
[apronline.gov.ar/index4b04.html]
[apronline.gov.ar/assets/pdf/Modifica art. 11, inciso 1 de la RG 07/16]
[apronline.gov.ar/index6ac1.html]
[apronline.gov.ar/index610d.html]
[apronline.gov.ar/index945b.html]
[apronline.gov.ar/index4721.html]
[apronline.gov.ar/index8cc3.html]
[apronline.gov.ar/indexdf74.html]
[apronline.gov.ar/indexaedb.html]
[apronline.gov.ar/index6475.html]
[apronline.gov.ar/conponentes/tramites.html]
[apronline.gov.ar/index64b5.html]
[apronline.gov.ar/index2e35.html]
[apronline.gov.ar/indexc8e3.html]
[apronline.gov.ar/indexc795.html]
[apronline.gov.ar/indexd545.html]
[apronline.gov.ar/indexa346.html]
[apronline.gov.ar/index53c2.html]
[apronline.gov.ar/indexb8e4.html]
[apronline.gov.ar/indexbb67.html]
[apronline.gov.ar/indexd386.html]
[apronline.gov.ar/index8106.html]
[apronline.gov.ar/index79ac.html]
[apronline.gov.ar/index24fb.html]
[apronline.gov.ar/indexc728.html]
[apronline.gov.ar/assets/img/ajax-loader.gif]
[apronline.gov.ar/index57b3.html]
[apronline.gov.ar/indexbfe6.html]
[apronline.gov.ar/index199a.html]
[apronline.gov.ar/index02b3.html]
[apronline.gov.ar/index50dd.html]
[apronline.gov.ar/index8d31.html]
[apronline.gov.ar/index8c6a.html]
[apronline.gov.ar/index241b.html]
[apronline.gov.ar/index6670.html]
[apronline.gov.ar/index78c9.html]
[apronline.gov.ar/index040d.html]
[apronline.gov.ar/index0703.html]
[apronline.gov.ar/indexdb14.html]
[apronline.gov.ar/index9aab.html]
[apronline.gov.ar/index72fe.html]
[apronline.gov.ar/index6c75.html]
[apronline.gov.ar/index015a.html]
[apronline.gov.ar/autogestion.apronline.gov.html]
[apronline.gov.ar/index6c80.html]
[apronline.gov.ar/index6ed7.html]
[apronline.gov.ar/index1dfe.html]
[apronline.gov.ar/index6c46.html]
[apronline.gov.ar/index53b9.html]
[apronline.gov.ar/index7cf9.html]
[apronline.gov.ar/indexf951.html]
[apronline.gov.ar/index916f.html]
[apronline.gov.ar/indexef0a.html]
[apronline.gov.ar/indexd495.html]
[apronline.gov.ar/assets/images/26f5ef62d0331470284e132e547b2ba5.jpg]
[apronline.gov.ar/indexcade-2.html]
[apronline.gov.ar/index3880-2.html]
[apronline.gov.ar/index2853-2.html]
[apronline.gov.ar/index4b04-2.html]
[apronline.gov.ar/index6ac1-2.html]
[apronline.gov.ar/index610d-2.html]
[apronline.gov.ar/index945b-2.html]
[apronline.gov.ar/index2ecd-2.html]
[apronline.gov.ar/index8cc3-2.html]
[apronline.gov.ar/indexdf74-2.html]
[apronline.gov.ar/indexaedb-2.html]
[apronline.gov.ar/index6475-2.html]
[apronline.gov.ar/index64b5-2.html]
[apronline.gov.ar/index2e35-2.html]
[apronline.gov.ar/indexc8e3-2.html]
[apronline.gov.ar/indexc795-2.html]
[apronline.gov.ar/indexd545-2.html]
[apronline.gov.ar/indexa346-2.html]
[apronline.gov.ar/index53c2-2.html]
[apronline.gov.ar/index4721-2.html]
[apronline.gov.ar/indexb8e4-2.html]
[apronline.gov.ar/indexbb67-2.html]
[apronline.gov.ar/indexd386-2.html]
[apronline.gov.ar/index8106-2.html]
[apronline.gov.ar/index79ac-2.html]
[apronline.gov.ar/indexc728-2.html]
[apronline.gov.ar/index02b3-2.html]
[apronline.gov.ar/index57b3-2.html]
[apronline.gov.ar/index24fb-2.html]
[apronline.gov.ar/indexbfe6-2.html]
[apronline.gov.ar/index8c6a-2.html]
[apronline.gov.ar/index8d31-2.html]
[apronline.gov.ar/index241b-2.html]
[apronline.gov.ar/index0703-2.html]
[apronline.gov.ar/index78c9-2.html]
[apronline.gov.ar/index040d-2.html]
[apronline.gov.ar/indexdb14-2.html]
[apronline.gov.ar/index72fe-2.html]
[apronline.gov.ar/index6c75-2.html]
[apronline.gov.ar/index015a-2.html]
[apronline.gov.ar/index199a-2.html]
[apronline.gov.ar/index50dd-2.html]
[apronline.gov.ar/index6670-2.html]
[apronline.gov.ar/index9aab-2.html]
[apronline.gov.ar/index6c80-2.html]
[apronline.gov.ar/index6ed7-2.html]
[apronline.gov.ar/index1dfe-2.html]
[apronline.gov.ar/index6c46-2.html]
[apronline.gov.ar/index53b9-2.html]
[apronline.gov.ar/index7cf9-2.html]
[apronline.gov.ar/indexf951-2.html]
[apronline.gov.ar/index916f-2.html]
[apronline.gov.ar/indexef0a-2.html]
[apronline.gov.ar/indexcade.html]
[apronline.gov.ar/index3880.html]
[apronline.gov.ar/index2853.html]
[apronline.gov.ar/index2ecd.html]
[apronline.gov.ar/assets/pdf/Modifica art. 11, inciso 1 de la RG 07/16.html]
[apronline.gov.ar/index8cc3.html]
[apronline.gov.ar/indexdf74.html]
[apronline.gov.ar/indexd495-2.html]
[apronline.gov.ar/indexaedb.html]
[apronline.gov.ar/img/habilitaciones-certificado-vigente.jpg]
[apronline.gov.ar/suav/index.html]
[apronline.gov.ar/img/habilitaciones-certificado-no-vigente1.jpg]
[apronline.gov.ar/img/habilitaciones-certificado-no-vigente2.jpg]
[apronline.gov.ar/img/habilitaciones-certificado-no-vigente3.jpg]
[apronline.gov.ar/index6475.html]
[apronline.gov.ar/index64b5.html]
[apronline.gov.ar/index2e35.html]
[apronline.gov.ar/indexc8e3.html]
[apronline.gov.ar/indexc795.html]
[apronline.gov.ar/indexd545.html]
[apronline.gov.ar/indexa346.html]
[apronline.gov.ar/archivos/digesto.xls]
[apronline.gov.ar/index0f4e.html]
[apronline.gov.ar/index53c2.html]
[apronline.gov.ar/assets/images/cc04ca2eba196f0e3746d8b5cc2d79f5.jpg]
[apronline.gov.ar/indexc728.html]
[apronline.gov.ar/conponentes/tramites.html]
[apronline.gov.ar/index02b3.html]
[apronline.gov.ar/index57b3.html]
[apronline.gov.ar/index8c6a.html]
[apronline.gov.ar/index8d31.html]
[apronline.gov.ar/index241b.html]
[apronline.gov.ar/index0703.html]
[apronline.gov.ar/index78c9.html]
[apronline.gov.ar/index040d.html]
[apronline.gov.ar/indexdb14.html]
[apronline.gov.ar/index72fe.html]
[apronline.gov.ar/index6c75.html]
[apronline.gov.ar/index015a.html]
[apronline.gov.ar/indexd495.html]
[apronline.gov.ar/indexcade-2.html]
[apronline.gov.ar/index3880-2.html]
[apronline.gov.ar/index2853-2.html]
[apronline.gov.ar/index2ecd-2.html]
[apronline.gov.ar/index8cc3-2.html]
[apronline.gov.ar/indexdf74-2.html]
[apronline.gov.ar/indexaedb-2.html]
[apronline.gov.ar/index6475-2.html]
[apronline.gov.ar/index64b5-2.html]
[apronline.gov.ar/index2e35-2.html]
[apronline.gov.ar/indexc8e3-2.html]
[apronline.gov.ar/indexc795-2.html]
[apronline.gov.ar/indexd545-2.html]
[apronline.gov.ar/index0f4e-2.html]
[apronline.gov.ar/indexa346-2.html]
[apronline.gov.ar/index53c2-2.html]
[apronline.gov.ar/indexc728-2.html]
[apronline.gov.ar/index02b3-2.html]
[apronline.gov.ar/index57b3-2.html]
[apronline.gov.ar/index8c6a-2.html]
[apronline.gov.ar/index8d31-2.html]
[apronline.gov.ar/index241b-2.html]
[apronline.gov.ar/index0703-2.html]
[apronline.gov.ar/index78c9-2.html]
[apronline.gov.ar/index040d-2.html]
[apronline.gov.ar/indexdb14-2.html]
[apronline.gov.ar/index72fe-2.html]
[apronline.gov.ar/index6c75-2.html]
[apronline.gov.ar/index015a-2.html]
[apronline.gov.ar/indexd495-2.html]
[apronline.gov.ar/suav/favicon.ico]
[apronline.gov.ar/vendors/bootstrap/dist/css/bootstrap.min.css]
[apronline.gov.ar/vendors/font-awesome/css/font-awesome.min.css]
[apronline.gov.ar/vendors/nprogress/nprogress.css]
[apronline.gov.ar/vendors/custom.min.css]
[code.jquery.com/jquery-3.1.0.min.js]
[apronline.gov.ar/suav/caches/loader5dfe.php]
[apronline.gov.ar/vendors/fastclick/lib/fastclick.js]
[apronline.gov.ar/vendors/bootstrap/dist/js/bootstrap.min.js]
[apronline.gov.ar/vendors/nprogress/nprogress.js]
[apronline.gov.ar/vendors/jQuery-Smart-Wizard/js/jquery.smartWizard.js]
[apronline.gov.ar/suav/imgs/logo_solo_lp.png]
[apronline.gov.ar/suav/imgs/texto_solo_lp.png]
[apronline.gov.ar/suav/index.html]
[apronline.gov.ar/index0f4e.html]
[apronline.gov.ar/index0f4e-2.html]
[www.google.com/recaptcha/api85f1.js]
[apronline.gov.ar/img/favicon.html]
[apronline.gov.ar/archivos/Publicidadenviapublica.jpg]
[apronline.gov.ar/lib/bootstrap/css/bootstrap.min.css]
[apronline.gov.ar/img/pagos_01.png]
[apronline.gov.ar/img/pagos_02.png]
[apronline.gov.ar/assets/img/logo1-default.png]
[apronline.gov.ar/assets/img/line.jpg]
[use.fontawesome.com/releases/v5.2.0/webfonts/fa-regular-400.svg]
[use.fontawesome.com/releases/v5.2.0/css/all.css]
[apronline.gov.ar/lib/jquery/jquery.min.js]
[apronline.gov.ar/img/cover.jpg]
[apronline.gov.ar/lib/jquery/jquery-migrate.min.js]
[apronline.gov.ar/css/style.css]
[apronline.gov.ar/lib/superfish/hoverIntent.js]
[apronline.gov.ar/css/calendar.css]
[use.fontawesome.com/releases/v5.2.0/webfonts/fa-brands-400.svg]
[cdn.jsdelivr.net/npm/animate.css@3.5.2/animate.min.css]
[apronline.gov.ar/lib/superfish/superfish.min.js]
[apronline.gov.ar/lib/tether/js/tether.min.js]
[use.fontawesome.com/releases/v5.2.0/webfonts/fa-solid-900.svg]
[apronline.gov.ar/lib/stellar/stellar.min.js]
[apronline.gov.ar/lib/bootstrap/js/bootstrap.bundle.min.js]
[apronline.gov.ar/index-2.html]
[apronline.gov.ar/lib/counterup/counterup.min.js]
[apronline.gov.ar/lib/waypoints/waypoints.min.js]
[apronline.gov.ar/lib/easing/easing.js]
[apronline.gov.ar/lib/stickyjs/sticky.js]
[apronline.gov.ar/lib/parallax/parallax.js]
[apronline.gov.ar/img/147-ico.svg]
[apronline.gov.ar/lib/lockfixed/lockfixed.min.js]
[apronline.gov.ar/js/custom.js]
[apronline.gov.ar/img/autogestion.svg]
[apronline.gov.ar/js/calendar.js]
[apronline.gov.ar/js/index.js]
[apronline.gov.ar/img/habilitaciondigi.svg]
[cdnjs.cloudflare.com/ajax/libs/jquery.mask/1.14.10/jquery.mask.js]
[apronline.gov.ar/img/tramites.svg]
[apronline.gov.ar/js/download.js]
[apronline.gov.ar/contactform/contactform.js]
[apronline.gov.ar/img/turnos.svg]
[apronline.gov.ar/assets/img/ajax-loader.gif]
[www.google.com/recaptcha/api.js]
[apronline.gov.ar/img/monotasa.svg]
[apronline.gov.ar/assets/images/26f5ef62d0331470284e132e547b2ba5.jpg]
[apronline.gov.ar/img/habilitaciones-certificado-vigente.jpg]
[apronline.gov.ar/img/expedientes.svg]
[apronline.gov.ar/img/habilitaciones-certificado-no-vigente1.jpg]
[apronline.gov.ar/img/habilitaciones-certificado-no-vigente2.jpg]
[apronline.gov.ar/img/suav.svg]
[apronline.gov.ar/img/habilitaciones-certificado-no-vigente3.jpg]
[apronline.gov.ar/archivos/digesto.xls]
[apronline.gov.ar/img/formularios.svg]
[apronline.gov.ar/assets/images/cc04ca2eba196f0e3746d8b5cc2d79f5.jpg]
[apronline.gov.ar/indexbfe6.html]
[apronline.gov.ar/suav/caches/loader5dfe.php]
[apronline.gov.ar/index199a.html]
[apronline.gov.ar/vendors/bootstrap/dist/js/bootstrap.min.js]
[apronline.gov.ar/vendors/fastclick/lib/fastclick.js]
[apronline.gov.ar/index4b04-2.html]
[apronline.gov.ar/vendors/nprogress/nprogress.js]
[apronline.gov.ar/img/autogestion-color.svg]
[apronline.gov.ar/vendors/jQuery-Smart-Wizard/js/jquery.smartWizard.js]
[apronline.gov.ar/suav/imgs/logo_solo_lp.png]
[apronline.gov.ar/img/habilitaciones-color.svg]
[apronline.gov.ar/img/cover.jpg]
[apronline.gov.ar/suav/imgs/texto_solo_lp.png]
[apronline.gov.ar/img/tramites-color.svg]
[apronline.gov.ar/img/turnos-color.svg]
[apronline.gov.ar/index02b3.html]
[apronline.gov.ar/indexcade-2.html]
[apronline.gov.ar/index0f4e.html]
[www.smartsuppchat.com/loaderd41d.js]
[apronline.gov.ar/index0f4e-2.html]
[apronline.gov.ar/suav/favicon.html]
[apronline.gov.ar/vendors/bootstrap/dist/fonts/glyphicons-halflings-regular.eot]
[apronline.gov.ar/vendors/bootstrap/dist/fonts/glyphicons-halflings-regulard41d.eot]
[apronline.gov.ar/vendors/bootstrap/dist/fonts/glyphicons-halflings-regular.woff2]
[apronline.gov.ar/vendors/bootstrap/dist/fonts/glyphicons-halflings-regular.woff]
[apronline.gov.ar/vendors/bootstrap/dist/fonts/glyphicons-halflings-regular.ttf]
[apronline.gov.ar/vendors/bootstrap/dist/css/bootstrap.min.css]
[apronline.gov.ar/vendors/font-awesome/fonts/fontawesome-webfont5b62.eot]
[apronline.gov.ar/vendors/font-awesome/fonts/fontawesome-webfontd41d.eot]
[apronline.gov.ar/vendors/font-awesome/fonts/fontawesome-webfont5b62.woff2]
[apronline.gov.ar/vendors/font-awesome/fonts/fontawesome-webfont5b62.woff]
[apronline.gov.ar/vendors/font-awesome/fonts/fontawesome-webfont5b62.ttf]
[apronline.gov.ar/vendors/font-awesome/css/font-awesome.min.css]
[apronline.gov.ar/vendors/nprogress/nprogress.css]
[apronline.gov.ar/vendors/font-awesome/fonts/fontawesome-webfont5b62.woff2]
[apronline.gov.ar/vendors/custom.min.css]
[use.fontawesome.com/releases/v5.2.0/webfonts/fa-brands-400.svg]
[use.fontawesome.com/releases/v5.2.0/webfonts/fa-regular-400.svg]
[use.fontawesome.com/releases/v5.2.0/webfonts/fa-solid-900.svg]
[apronline.gov.ar/vendors/bootstrap/dist/fonts/glyphicons-halflings-regular.svg]
[cssdeck.com/uploads/media/items/8/8bcLQqF.png]
[apronline.gov.ar/vendors/font-awesome/fonts/fontawesome-webfont5b62.svg]
